// Jest Snapshot v1, https://goo.gl/fbAQLP

exports[`training list instances execise field component should render as expected 1`] = `
<td>
  <input
    onChange={[Function]}
    type="text"
  />
</td>
`;

exports[`training list instances training component should render as expected 1`] = `
<li
  className="list-group-item"
>
  <div
    className="btn-group float-right mb-1"
  >
    <button
      className="btn btn-primary btn-sm"
      onClick={[Function]}
      type="button"
    >
      Edit
    </button>
    <button
      className="btn btn-danger btn-sm"
      onClick={[Function]}
      type="button"
    >
      Remove
    </button>
  </div>
  <form
    onSubmit={[Function]}
  >
    <h4>
      Leg
    </h4>
    <table
      className="table table-hover"
    >
      <thead
        className="thead-dark"
      >
        <tr>
          <th
            className="col"
          >
            Exercise
          </th>
          <th
            className="col"
          >
            Set
          </th>
          <th
            className="col"
          >
            Repetition
          </th>
          <th
            className="col"
          >
            Weight
          </th>
          <th
            className="col"
          />
        </tr>
      </thead>
      <tbody>
        <tr
          key="0"
        >
          <td>
            Barbell Deadlift
          </td>
          <td>
            3
          </td>
          <td>
            8
          </td>
          <td>
            10kg
          </td>
          <td />
        </tr>
        <tr
          key="1"
        >
          <td>
            Wide-Grip Pull-Up
          </td>
          <td>
            3
          </td>
          <td>
            8
          </td>
          <td>
            35kg
          </td>
          <td />
        </tr>
      </tbody>
    </table>
  </form>
</li>
`;

exports[`training list instances training list component should render as expected 1`] = `
<div>
  <h1>
    Current Training
  </h1>
  <ul
    className="list-group"
  >
    <Training
      exercises={
        Array [
          Object {
            "name": "Barbell Deadlift",
            "repetition": "8",
            "set": "3",
            "weight": "10kg",
          },
          Object {
            "name": "Wide-Grip Pull-Up",
            "repetition": "8",
            "set": "3",
            "weight": "35kg",
          },
        ]
      }
      index="1"
      key="1"
      onButtonClick={[Function]}
      title="Leg"
    />
    <Training
      exercises={
        Array [
          Object {
            "name": "Flat Bench Dumbbell Press",
            "repetition": "8",
            "set": "3",
            "weight": "22kg",
          },
          Object {
            "name": "Barbell Bench Press",
            "repetition": "8",
            "set": "3",
            "weight": "25kg",
          },
        ]
      }
      index="2"
      key="2"
      onButtonClick={[Function]}
      title="Chest"
    />
  </ul>
</div>
`;
